 zlibwapi

 Timestamp is 5c87a6a8 (Tue Mar 12 20:31:36 2019)

 Preferred load address is 10000000

 Start         Length     Name                   Class
 0001:00000000 000109e4H .text$mn                CODE
 0002:00000000 00000118H .idata$5                DATA
 0002:00000118 00000004H .00cfg                  DATA
 0002:0000011c 00000004H .CRT$XCA                DATA
 0002:00000120 00000004H .CRT$XCZ                DATA
 0002:00000124 00000004H .CRT$XIA                DATA
 0002:00000128 00000004H .CRT$XIZ                DATA
 0002:0000012c 00000004H .CRT$XPA                DATA
 0002:00000130 00000004H .CRT$XPZ                DATA
 0002:00000134 00000004H .CRT$XTA                DATA
 0002:00000138 00000008H .CRT$XTZ                DATA
 0002:00000140 00004260H .rdata                  DATA
 0002:000043a0 00000004H .rdata$sxdata           DATA
 0002:000043a4 000002b4H .rdata$zzzdbg           DATA
 0002:00004658 00000004H .rtc$IAA                DATA
 0002:0000465c 00000004H .rtc$IZZ                DATA
 0002:00004660 00000004H .rtc$TAA                DATA
 0002:00004664 00000004H .rtc$TZZ                DATA
 0002:00004668 00000088H .xdata$x                DATA
 0002:000046f0 00000cfcH .edata                  DATA
 0002:000053ec 000000a0H .idata$2                DATA
 0002:0000548c 00000014H .idata$3                DATA
 0002:000054a0 00000118H .idata$4                DATA
 0002:000055b8 000004d6H .idata$6                DATA
 0003:00000000 00000020H .data                   DATA
 0003:00000020 00000388H .bss                    DATA
 0004:00000000 0000001cH .gfids$y                DATA
 0005:00000000 00000060H .rsrc$01                DATA
 0005:00000060 00000338H .rsrc$02                DATA

  Address         Publics by Value              Rva+Base       Lib:Object

 0000:00000000       ___dynamic_value_reloc_table 00000000     <absolute>
 0000:00000000       ___guard_iat_table         00000000     <absolute>
 0000:00000000       ___guard_longjmp_table     00000000     <absolute>
 0000:00000000       ___guard_fids_table        00000000     <absolute>
 0000:00000000       ___guard_longjmp_count     00000000     <absolute>
 0000:00000000       ___guard_iat_count         00000000     <absolute>
 0000:00000000       ___guard_fids_count        00000000     <absolute>
 0000:00000001       ___safe_se_handler_count   00000001     <absolute>
 0000:00000100       ___guard_flags             00000100     <absolute>
 0000:00000000       ___ImageBase               10000000     <linker-defined>
 0001:00000000       _adler32_z@12              10001000 f   adler32.obj
 0001:00000280       _adler32@12                10001280 f   adler32.obj
 0001:00000350       _adler32_combine@12        10001350 f   adler32.obj
 0001:00000370       _compress2@20              10001370 f   compress.obj
 0001:00000450       _compress@16               10001450 f   compress.obj
 0001:00000470       _compressBound@4           10001470 f   compress.obj
 0001:00000490       _get_crc_table@0           10001490 f   crc32.obj
 0001:000004a0       _crc32_z@12                100014a0 f   crc32.obj
 0001:000004d0       _crc32@12                  100014d0 f   crc32.obj
 0001:00000ba0       _crc32_combine@12          10001ba0 f   crc32.obj
 0001:00000c10       _deflateInit_@16           10001c10 f   deflate.obj
 0001:00000c30       _deflateInit2_@32          10001c30 f   deflate.obj
 0001:00000ed0       _deflateSetDictionary@12   10001ed0 f   deflate.obj
 0001:00001080       _deflateGetDictionary@12   10002080 f   deflate.obj
 0001:000010e0       _deflateResetKeep@4        100020e0 f   deflate.obj
 0001:00001190       _deflateReset@4            10002190 f   deflate.obj
 0001:000011c0       _deflateSetHeader@8        100021c0 f   deflate.obj
 0001:000011f0       _deflatePending@12         100021f0 f   deflate.obj
 0001:00001230       _deflatePrime@12           10002230 f   deflate.obj
 0001:000012c0       _deflateParams@12          100022c0 f   deflate.obj
 0001:00001410       _deflateTune@20            10002410 f   deflate.obj
 0001:00001460       _deflateBound@8            10002460 f   deflate.obj
 0001:000015d0       _deflate@8                 100025d0 f   deflate.obj
 0001:00001e60       _deflateEnd@4              10002e60 f   deflate.obj
 0001:00001f00       _deflateCopy@8             10002f00 f   deflate.obj
 0001:00003380       _gzclose@4                 10004380 f   gzclose.obj
 0001:000033b0       ___local_stdio_printf_options 100043b0 f i gzlib.obj
 0001:000033c0       _vsnprintf                 100043c0 f i gzlib.obj
 0001:00003400       _snprintf                  10004400 f i gzlib.obj
 0001:000037c0       _gzopen@8                  100047c0 f   gzlib.obj
 0001:000037e0       _gzdopen@8                 100047e0 f   gzlib.obj
 0001:00003840       _gzopen_w@8                10004840 f   gzlib.obj
 0001:00003860       _gzbuffer@8                10004860 f   gzlib.obj
 0001:000038b0       _gzrewind@4                100048b0 f   gzlib.obj
 0001:00003910       _gzseek64@16               10004910 f   gzlib.obj
 0001:00003aa0       _gzseek@12                 10004aa0 f   gzlib.obj
 0001:00003ae0       _gztell64@4                10004ae0 f   gzlib.obj
 0001:00003b40       _gztell@4                  10004b40 f   gzlib.obj
 0001:00003b70       _gzoffset64@4              10004b70 f   gzlib.obj
 0001:00003bc0       _gzoffset@4                10004bc0 f   gzlib.obj
 0001:00003bf0       _gzeof@4                   10004bf0 f   gzlib.obj
 0001:00003c30       _gzerror@8                 10004c30 f   gzlib.obj
 0001:00003c80       _gzclearerr@4              10004c80 f   gzlib.obj
 0001:00003cc0       _gz_error                  10004cc0 f   gzlib.obj
 0001:00004380       _gzread@12                 10005380 f   gzread.obj
 0001:000043f0       _gzfread@16                100053f0 f   gzread.obj
 0001:00004470       _gzgetc@4                  10005470 f   gzread.obj
 0001:000044e0       _gzgetc_@4                 100054e0 f   gzread.obj
 0001:000044f0       _gzungetc@8                100054f0 f   gzread.obj
 0001:000045d0       _gzgets@12                 100055d0 f   gzread.obj
 0001:000046f0       _gzdirect@4                100056f0 f   gzread.obj
 0001:00004730       _gzclose_r@4               10005730 f   gzread.obj
 0001:00004bc0       _gzwrite@12                10005bc0 f   gzwrite.obj
 0001:00004c10       _gzfwrite@16               10005c10 f   gzwrite.obj
 0001:00004c80       _gzputc@8                  10005c80 f   gzwrite.obj
 0001:00004d50       _gzputs@8                  10005d50 f   gzwrite.obj
 0001:00004da0       _gzvprintf                 10005da0 f   gzwrite.obj
 0001:00004ed0       _gzprintf                  10005ed0 f   gzwrite.obj
 0001:00004ef0       _gzflush@8                 10005ef0 f   gzwrite.obj
 0001:00004f60       _gzsetparams@12            10005f60 f   gzwrite.obj
 0001:00005020       _gzclose_w@4               10006020 f   gzwrite.obj
 0001:000050f0       _inflateBackInit_@20       100060f0 f   infback.obj
 0001:000051f0       _inflateBack@20            100061f0 f   infback.obj
 0001:00005f80       _inflateBackEnd@4          10006f80 f   infback.obj
 0001:00005fc0       _inflate_fast              10006fc0 f   inffast.obj
 0001:00006410       _inflateResetKeep@4        10007410 f   inflate.obj
 0001:000064b0       _inflateReset@4            100074b0 f   inflate.obj
 0001:000064f0       _inflateReset2@8           100074f0 f   inflate.obj
 0001:00006580       _inflateInit2_@16          10007580 f   inflate.obj
 0001:00006650       _inflateInit_@12           10007650 f   inflate.obj
 0001:00006670       _inflatePrime@12           10007670 f   inflate.obj
 0001:00006800       _inflate@8                 10007800 f   inflate.obj
 0001:00007f60       _inflateEnd@4              10008f60 f   inflate.obj
 0001:00007fb0       _inflateGetDictionary@12   10008fb0 f   inflate.obj
 0001:00008020       _inflateSetDictionary@12   10009020 f   inflate.obj
 0001:000080d0       _inflateGetHeader@8        100090d0 f   inflate.obj
 0001:00008190       _inflateSync@4             10009190 f   inflate.obj
 0001:00008280       _inflateSyncPoint@4        10009280 f   inflate.obj
 0001:000082c0       _inflateCopy@8             100092c0 f   inflate.obj
 0001:00008410       _inflateUndermine@8        10009410 f   inflate.obj
 0001:00008440       _inflateValidate@8         10009440 f   inflate.obj
 0001:00008480       _inflateMark@4             10009480 f   inflate.obj
 0001:000084f0       _inflateCodesUsed@4        100094f0 f   inflate.obj
 0001:00008520       _inflate_table             10009520 f   inftrees.obj
 0001:00008920       _call_zopen64              10009920 f   ioapi.obj
 0001:00008940       _call_zseek64              10009940 f   ioapi.obj
 0001:00008990       _call_ztell64              10009990 f   ioapi.obj
 0001:000089c0       _fill_zlib_filefunc64_32_def_from_filefunc32 100099c0 f   ioapi.obj
 0001:00008c10       _fill_fopen64_filefunc     10009c10 f   ioapi.obj
 0001:00008d00       _win32_open64_file_func    10009d00 f   iowin32.obj
 0001:00008d60       _win32_open64_file_funcA   10009d60 f   iowin32.obj
 0001:00008dc0       _win32_open64_file_funcW   10009dc0 f   iowin32.obj
 0001:00008e20       _win32_open_file_func      10009e20 f   iowin32.obj
 0001:00008e80       _win32_read_file_func      10009e80 f   iowin32.obj
 0001:00008ed0       _win32_write_file_func     10009ed0 f   iowin32.obj
 0001:00008f80       _win32_tell_file_func      10009f80 f   iowin32.obj
 0001:00008fd0       _win32_tell64_file_func    10009fd0 f   iowin32.obj
 0001:00009030       _win32_seek_file_func      1000a030 f   iowin32.obj
 0001:000090a0       _win32_seek64_file_func    1000a0a0 f   iowin32.obj
 0001:00009120       _win32_close_file_func     1000a120 f   iowin32.obj
 0001:00009150       _win32_error_file_func     1000a150 f   iowin32.obj
 0001:00009170       _fill_win32_filefunc       1000a170 f   iowin32.obj
 0001:000091b0       _fill_win32_filefunc64     1000a1b0 f   iowin32.obj
 0001:000091f0       _fill_win32_filefunc64A    1000a1f0 f   iowin32.obj
 0001:00009230       _fill_win32_filefunc64W    1000a230 f   iowin32.obj
 0001:00009280       __tr_init                  1000a280 f   trees.obj
 0001:0000a200       __tr_stored_block          1000b200 f   trees.obj
 0001:0000a2f0       __tr_flush_bits            1000b2f0 f   trees.obj
 0001:0000a300       __tr_align                 1000b300 f   trees.obj
 0001:0000a3f0       __tr_flush_block           1000b3f0 f   trees.obj
 0001:0000ab70       _uncompress2@16            1000bb70 f   uncompr.obj
 0001:0000aca0       _uncompress@16             1000bca0 f   uncompr.obj
 0001:0000aff0       _unzStringFileNameCompare@12 1000bff0 f   unzip.obj
 0001:0000b8b0       _unzOpen2@8                1000c8b0 f   unzip.obj
 0001:0000b900       _unzOpen2_64@8             1000c900 f   unzip.obj
 0001:0000b960       _unzOpen@4                 1000c960 f   unzip.obj
 0001:0000b980       _unzOpen64@4               1000c980 f   unzip.obj
 0001:0000b9a0       _unzClose@4                1000c9a0 f   unzip.obj
 0001:0000b9e0       _unzGetGlobalInfo64@8      1000c9e0 f   unzip.obj
 0001:0000ba10       _unzGetGlobalInfo@8        1000ca10 f   unzip.obj
 0001:0000c080       _unzGetCurrentFileInfo64@32 1000d080 f   unzip.obj
 0001:0000c0b0       _unzGetCurrentFileInfo@32  1000d0b0 f   unzip.obj
 0001:0000c170       _unzGoToFirstFile@4        1000d170 f   unzip.obj
 0001:0000c1e0       _unzGoToNextFile@4         1000d1e0 f   unzip.obj
 0001:0000c290       _unzLocateFile@12          1000d290 f   unzip.obj
 0001:0000c440       _unzGetFilePos64@8         1000d440 f   unzip.obj
 0001:0000c490       _unzGetFilePos@8           1000d490 f   unzip.obj
 0001:0000c4c0       _unzGoToFilePos64@8        1000d4c0 f   unzip.obj
 0001:0000c530       _unzGoToFilePos@8          1000d530 f   unzip.obj
 0001:0000c7d0       _unzOpenCurrentFile3@20    1000d7d0 f   unzip.obj
 0001:0000ca40       _unzOpenCurrentFile@4      1000da40 f   unzip.obj
 0001:0000ca60       _unzOpenCurrentFilePassword@8 1000da60 f   unzip.obj
 0001:0000ca80       _unzOpenCurrentFile2@16    1000da80 f   unzip.obj
 0001:0000caa0       _unzGetCurrentFileZStreamPos64@4 1000daa0 f   unzip.obj
 0001:0000cae0       _unzReadCurrentFile@12     1000dae0 f   unzip.obj
 0001:0000cda0       _unztell@4                 1000dda0 f   unzip.obj
 0001:0000cdd0       _unztell64@4               1000ddd0 f   unzip.obj
 0001:0000ce00       _unzeof@4                  1000de00 f   unzip.obj
 0001:0000ce40       _unzGetLocalExtrafield@12  1000de40 f   unzip.obj
 0001:0000cf10       _unzCloseCurrentFile@4     1000df10 f   unzip.obj
 0001:0000cfb0       _unzGetGlobalComment@12    1000dfb0 f   unzip.obj
 0001:0000dbb0       _LoadCentralDirectoryRecord 1000ebb0 f   zip.obj
 0001:0000e060       _zipOpen3@16               1000f060 f   zip.obj
 0001:0000e1d0       _zipOpen2@16               1000f1d0 f   zip.obj
 0001:0000e220       _zipOpen2_64@16            1000f220 f   zip.obj
 0001:0000e280       _zipOpen@8                 1000f280 f   zip.obj
 0001:0000e2a0       _zipOpen64@8               1000f2a0 f   zip.obj
 0001:0000e2c0       _Write_LocalFileHeader     1000f2c0 f   zip.obj
 0001:0000e4e0       _zipOpenNewFileInZip4_64@76 1000f4e0 f   zip.obj
 0001:0000e9e0       _zipOpenNewFileInZip3@64   1000f9e0 f   zip.obj
 0001:0000ea30       _zipOpenNewFileInZip3_64@68 1000fa30 f   zip.obj
 0001:0000ea80       _zipOpenNewFileInZip2@44   1000fa80 f   zip.obj
 0001:0000eac0       _zipOpenNewFileInZip2_64@48 1000fac0 f   zip.obj
 0001:0000eb00       _zipOpenNewFileInZip64@44  1000fb00 f   zip.obj
 0001:0000eb40       _zipOpenNewFileInZip@40    1000fb40 f   zip.obj
 0001:0000ec40       _zipWriteInFileInZip@12    1000fc40 f   zip.obj
 0001:0000ed40       _zipCloseFileInZipRaw@12   1000fd40 f   zip.obj
 0001:0000ed60       _zipCloseFileInZipRaw64@16 1000fd60 f   zip.obj
 0001:0000f240       _zipCloseFileInZip@4       10010240 f   zip.obj
 0001:0000f260       _Write_Zip64EndOfCentralDirectoryLocator 10010260 f   zip.obj
 0001:0000f2e0       _Write_Zip64EndOfCentralDirectoryRecord 100102e0 f   zip.obj
 0001:0000f400       _Write_EndOfCentralDirectoryRecord 10010400 f   zip.obj
 0001:0000f540       _Write_GlobalComment       10010540 f   zip.obj
 0001:0000f5b0       _zipClose@8                100105b0 f   zip.obj
 0001:0000f740       _zlibVersion@0             10010740 f   zutil.obj
 0001:0000f750       _zlibCompileFlags@0        10010750 f   zutil.obj
 0001:0000f760       _zError@4                  10010760 f   zutil.obj
 0001:0000f780       _zcalloc                   10010780 f   zutil.obj
 0001:0000f7a0       _zcfree                    100107a0 f   zutil.obj
 0001:0000f7b2       _ReadFile@20               100107b2 f   kernel32:KERNEL32.dll
 0001:0000f7b8       _WriteFile@20              100107b8 f   kernel32:KERNEL32.dll
 0001:0000f7be       _SetFilePointer@16         100107be f   kernel32:KERNEL32.dll
 0001:0000f7c4       _CreateFileW@28            100107c4 f   kernel32:KERNEL32.dll
 0001:0000f7ca       _GetLastError@0            100107ca f   kernel32:KERNEL32.dll
 0001:0000f7d0       _CreateFileA@28            100107d0 f   kernel32:KERNEL32.dll
 0001:0000f7d6       _CloseHandle@4             100107d6 f   kernel32:KERNEL32.dll
 0001:0000fae4       __CRT_INIT@12              10010ae4 f   MSVCRT:dll_dllmain.obj
 0001:0000faed       __DllMainCRTStartup@12     10010aed f   MSVCRT:dll_dllmain.obj
 0001:0000fb10       ??$__crt_fast_decode_pointer@PAP6AXXZ@@YAPAP6AXXZQAP6AXXZ@Z 10010b10 f i MSVCRT:utility.obj
 0001:0000fb24       ??$__crt_fast_encode_pointer@PAP6AXXZ@@YAPAP6AXXZQAP6AXXZ@Z 10010b24 f i MSVCRT:utility.obj
 0001:0000fb41       ?__crt_rotate_pointer_value@@YAIIH@Z 10010b41 f i MSVCRT:utility.obj
 0001:0000fb4e       ?configure_argv@__scrt_narrow_argv_policy@@SAHXZ 10010b4e f i MSVCRT:utility.obj
 0001:0000fbd2       _NtCurrentTeb              10010bd2 f i MSVCRT:utility.obj
 0001:0000fbd9       ___scrt_acquire_startup_lock 10010bd9 f   MSVCRT:utility.obj
 0001:0000fc0e       ___scrt_dllmain_after_initialize_c 10010c0e f   MSVCRT:utility.obj
 0001:0000fc39       ___scrt_dllmain_before_initialize_c 10010c39 f   MSVCRT:utility.obj
 0001:0000fc47       ___scrt_dllmain_crt_thread_attach 10010c47 f   MSVCRT:utility.obj
 0001:0000fc66       ___scrt_dllmain_crt_thread_detach 10010c66 f   MSVCRT:utility.obj
 0001:0000fc73       ___scrt_dllmain_exception_filter 10010c73 f   MSVCRT:utility.obj
 0001:0000fca6       ___scrt_dllmain_uninitialize_c 10010ca6 f   MSVCRT:utility.obj
 0001:0000fcc9       ___scrt_dllmain_uninitialize_critical 10010cc9 f   MSVCRT:utility.obj
 0001:0000fcd6       ___scrt_initialize_crt     10010cd6 f   MSVCRT:utility.obj
 0001:0000fd0f       ___scrt_initialize_onexit_tables 10010d0f f   MSVCRT:utility.obj
 0001:0000fda6       ___scrt_is_nonwritable_in_current_image 10010da6 f   MSVCRT:utility.obj
 0001:0000fe30       ___scrt_release_startup_lock 10010e30 f   MSVCRT:utility.obj
 0001:0000fe4d       ___scrt_uninitialize_crt   10010e4d f   MSVCRT:utility.obj
 0001:0000fe75       __onexit                   10010e75 f   MSVCRT:utility.obj
 0001:0000feb0       _at_quick_exit             10010eb0 f   MSVCRT:utility.obj
 0001:0000fee1       _atexit                    10010ee1 f   MSVCRT:utility.obj
 0001:0000fef6       ___security_init_cookie    10010ef6 f   MSVCRT:gs_support.obj
 0001:0000ff92       _DllMain@12                10010f92 f   MSVCRT:dll_dllmain_stub.obj
 0001:0000ffb4       ?__scrt_initialize_type_info@@YAXXZ 10010fb4 f   MSVCRT:tncleanup.obj
 0001:0000ffc0       ?__scrt_uninitialize_type_info@@YAXXZ 10010fc0 f   MSVCRT:tncleanup.obj
 0001:0000ffcc       ___local_stdio_scanf_options 10010fcc f i MSVCRT:default_local_stdio_options.obj
 0001:0000ffd2       ___scrt_initialize_default_local_stdio_options 10010fd2 f   MSVCRT:default_local_stdio_options.obj
 0001:0000ffef       ___scrt_get_dyn_tls_init_callback 10010fef f   MSVCRT:dyn_tls_init.obj
 0001:0000fff5       ___scrt_fastfail           10010ff5 f   MSVCRT:utility_desktop.obj
 0001:00010110       ___scrt_get_show_window_mode 10011110 f   MSVCRT:utility_desktop.obj
 0001:00010143       ___scrt_initialize_winrt   10011143 f   MSVCRT:utility_desktop.obj
 0001:00010146       ___scrt_is_managed_app     10011146 f   MSVCRT:utility_desktop.obj
 0001:0001018a       ___scrt_set_unhandled_exception_filter 1001118a f   MSVCRT:utility_desktop.obj
 0001:00010196       ___scrt_unhandled_exception_filter@4 10011196 f   MSVCRT:utility_desktop.obj
 0001:000101d7       __crt_debugger_hook        100111d7 f   MSVCRT:utility_desktop.obj
 0001:000101df       __RTC_Initialize           100111df f   MSVCRT:_initsect_.obj
 0001:0001020a       __RTC_Terminate            1001120a f   MSVCRT:_initsect_.obj
 0001:00010235       @_guard_check_icall@4      10011235 f i MSVCRT:checkcfg.obj
 0001:00010240       __SEH_prolog4              10011240 f   MSVCRT:_sehprolg4_.obj
 0001:00010286       __SEH_epilog4              10011286 f   MSVCRT:_sehprolg4_.obj
 0001:0001029b       __except_handler4          1001129b f   MSVCRT:_chandler4gs_.obj
 0001:000102be       ___isa_available_init      100112be f   MSVCRT:_cpu_disp_.obj
 0001:00010458       __get_startup_argv_mode    10011458 f   MSVCRT:argv_mode.obj
 0001:0001045c       ___scrt_is_ucrt_dll_in_use 1001145c f   MSVCRT:ucrt_detection.obj
 0001:00010468       @_guard_check_icall_nop@4  10011468 f i MSVCRT:guard_support.obj
 0001:00010469       __guard_icall_checks_enforced 10011469 f i MSVCRT:guard_support.obj
 0001:0001047b       @__security_check_cookie@4 1001147b f   MSVCRT:_secchk_.obj
 0001:0001048c       ___raise_securityfailure   1001148c f   MSVCRT:gs_report.obj
 0001:000104b4       ___report_gsfailure        100114b4 f   MSVCRT:gs_report.obj
 0001:000105af       ___report_rangecheckfailure 100115af f   MSVCRT:gs_report.obj
 0001:000105bb       ___report_securityfailure  100115bb f   MSVCRT:gs_report.obj
 0001:0001068b       ___report_securityfailureEx 1001168b f   MSVCRT:gs_report.obj
 0001:000107a2       _memchr                    100117a2 f   vcruntime:VCRUNTIME140.dll
 0001:000107a8       ___std_type_info_destroy_list 100117a8 f   vcruntime:VCRUNTIME140.dll
 0001:000107ae       _memset                    100117ae f   vcruntime:VCRUNTIME140.dll
 0001:000107b4       __except_handler4_common   100117b4 f   vcruntime:VCRUNTIME140.dll
 0001:000107ba       __lseeki64                 100117ba f   ucrt:api-ms-win-crt-stdio-l1-1-0.dll
 0001:000107c0       __wopen                    100117c0 f   ucrt:api-ms-win-crt-stdio-l1-1-0.dll
 0001:000107c6       __open                     100117c6 f   ucrt:api-ms-win-crt-stdio-l1-1-0.dll
 0001:000107cc       _wcstombs                  100117cc f   ucrt:api-ms-win-crt-convert-l1-1-0.dll
 0001:000107d2       ___stdio_common_vsprintf   100117d2 f   ucrt:api-ms-win-crt-stdio-l1-1-0.dll
 0001:000107d8       _free                      100117d8 f   ucrt:api-ms-win-crt-heap-l1-1-0.dll
 0001:000107de       _malloc                    100117de f   ucrt:api-ms-win-crt-heap-l1-1-0.dll
 0001:000107e4       __read                     100117e4 f   ucrt:api-ms-win-crt-stdio-l1-1-0.dll
 0001:000107ea       __close                    100117ea f   ucrt:api-ms-win-crt-stdio-l1-1-0.dll
 0001:000107f0       __errno                    100117f0 f   ucrt:api-ms-win-crt-runtime-l1-1-0.dll
 0001:000107f6       _strerror                  100117f6 f   ucrt:api-ms-win-crt-runtime-l1-1-0.dll
 0001:000107fc       __write                    100117fc f   ucrt:api-ms-win-crt-stdio-l1-1-0.dll
 0001:00010802       _ftell                     10011802 f   ucrt:api-ms-win-crt-stdio-l1-1-0.dll
 0001:00010808       _ferror                    10011808 f   ucrt:api-ms-win-crt-stdio-l1-1-0.dll
 0001:0001080e       _fopen                     1001180e f   ucrt:api-ms-win-crt-stdio-l1-1-0.dll
 0001:00010814       _fclose                    10011814 f   ucrt:api-ms-win-crt-stdio-l1-1-0.dll
 0001:0001081a       _fseek                     1001181a f   ucrt:api-ms-win-crt-stdio-l1-1-0.dll
 0001:00010820       _fwrite                    10011820 f   ucrt:api-ms-win-crt-stdio-l1-1-0.dll
 0001:00010826       __ftelli64                 10011826 f   ucrt:api-ms-win-crt-stdio-l1-1-0.dll
 0001:0001082c       _fread                     1001182c f   ucrt:api-ms-win-crt-stdio-l1-1-0.dll
 0001:00010832       __fseeki64                 10011832 f   ucrt:api-ms-win-crt-stdio-l1-1-0.dll
 0001:00010838       _srand                     10011838 f   ucrt:api-ms-win-crt-utility-l1-1-0.dll
 0001:0001083e       _rand                      1001183e f   ucrt:api-ms-win-crt-utility-l1-1-0.dll
 0001:00010844       __time64                   10011844 f   ucrt:api-ms-win-crt-time-l1-1-0.dll
 0001:0001084a       __initterm                 1001184a f   ucrt:api-ms-win-crt-runtime-l1-1-0.dll
 0001:00010850       __initterm_e               10011850 f   ucrt:api-ms-win-crt-runtime-l1-1-0.dll
 0001:00010856       __seh_filter_dll           10011856 f   ucrt:api-ms-win-crt-runtime-l1-1-0.dll
 0001:0001085c       __configure_narrow_argv    1001185c f   ucrt:api-ms-win-crt-runtime-l1-1-0.dll
 0001:00010862       __initialize_narrow_environment 10011862 f   ucrt:api-ms-win-crt-runtime-l1-1-0.dll
 0001:00010868       __initialize_onexit_table  10011868 f   ucrt:api-ms-win-crt-runtime-l1-1-0.dll
 0001:0001086e       __register_onexit_function 1001186e f   ucrt:api-ms-win-crt-runtime-l1-1-0.dll
 0001:00010874       __execute_onexit_table     10011874 f   ucrt:api-ms-win-crt-runtime-l1-1-0.dll
 0001:0001087a       __crt_atexit               1001187a f   ucrt:api-ms-win-crt-runtime-l1-1-0.dll
 0001:00010880       __crt_at_quick_exit        10011880 f   ucrt:api-ms-win-crt-runtime-l1-1-0.dll
 0001:00010886       __cexit                    10011886 f   ucrt:api-ms-win-crt-runtime-l1-1-0.dll
 0001:0001088c       _terminate                 1001188c f   ucrt:api-ms-win-crt-runtime-l1-1-0.dll
 0001:00010892       _QueryPerformanceCounter@4 10011892 f   kernel32:KERNEL32.dll
 0001:00010898       _GetCurrentProcessId@0     10011898 f   kernel32:KERNEL32.dll
 0001:0001089e       _GetCurrentThreadId@0      1001189e f   kernel32:KERNEL32.dll
 0001:000108a4       _GetSystemTimeAsFileTime@4 100118a4 f   kernel32:KERNEL32.dll
 0001:000108aa       _DisableThreadLibraryCalls@4 100118aa f   kernel32:KERNEL32.dll
 0001:000108b0       _InitializeSListHead@4     100118b0 f   kernel32:KERNEL32.dll
 0001:000108b6       _IsDebuggerPresent@0       100118b6 f   kernel32:KERNEL32.dll
 0001:000108bc       _UnhandledExceptionFilter@4 100118bc f   kernel32:KERNEL32.dll
 0001:000108c2       _SetUnhandledExceptionFilter@4 100118c2 f   kernel32:KERNEL32.dll
 0001:000108c8       _GetStartupInfoW@4         100118c8 f   kernel32:KERNEL32.dll
 0001:000108ce       _IsProcessorFeaturePresent@4 100118ce f   kernel32:KERNEL32.dll
 0001:000108d4       _GetModuleHandleW@4        100118d4 f   kernel32:KERNEL32.dll
 0001:000108da       _GetCurrentProcess@0       100118da f   kernel32:KERNEL32.dll
 0001:000108e0       _TerminateProcess@8        100118e0 f   kernel32:KERNEL32.dll
 0001:000108e6       ___scrt_stub_for_acrt_initialize 100118e6 f   MSVCRT:ucrt_stubs.obj
 0001:000108e6       ___vcrt_initialize         100118e6 f   MSVCRT:ucrt_stubs.obj
 0001:000108e6       ___acrt_initialize         100118e6 f   MSVCRT:ucrt_stubs.obj
 0001:000108e9       ___scrt_stub_for_acrt_thread_attach 100118e9 f   MSVCRT:ucrt_stubs.obj
 0001:000108e9       ___vcrt_thread_attach      100118e9 f   MSVCRT:ucrt_stubs.obj
 0001:000108e9       ___acrt_thread_attach      100118e9 f   MSVCRT:ucrt_stubs.obj
 0001:000108ec       ___vcrt_thread_detach      100118ec f   MSVCRT:ucrt_stubs.obj
 0001:000108ec       ___acrt_thread_detach      100118ec f   MSVCRT:ucrt_stubs.obj
 0001:000108ec       ___scrt_stub_for_acrt_thread_detach 100118ec f   MSVCRT:ucrt_stubs.obj
 0001:000108ef       ___acrt_uninitialize       100118ef f   MSVCRT:ucrt_stubs.obj
 0001:000108ef       ___vcrt_uninitialize       100118ef f   MSVCRT:ucrt_stubs.obj
 0001:000108ef       ___scrt_stub_for_acrt_uninitialize 100118ef f   MSVCRT:ucrt_stubs.obj
 0001:000108f2       ___vcrt_uninitialize_critical 100118f2 f   MSVCRT:ucrt_stubs.obj
 0001:000108f2       ___acrt_uninitialize_critical 100118f2 f   MSVCRT:ucrt_stubs.obj
 0001:000108f2       ___scrt_stub_for_acrt_uninitialize_critical 100118f2 f   MSVCRT:ucrt_stubs.obj
 0001:000108f5       ___scrt_stub_for_is_c_termination_complete 100118f5 f   MSVCRT:ucrt_stubs.obj
 0001:000108f5       __is_c_termination_complete 100118f5 f   MSVCRT:ucrt_stubs.obj
 0001:00010900       __alldiv                   10011900 f   MSVCRT:lldiv.obj
 0001:000109b0       __chkstk                   100119b0 f   MSVCRT:chkstk.obj
 0001:000109b0       __alloca_probe             100119b0 f   MSVCRT:chkstk.obj
 0001:000109de       _memcpy                    100119de f   vcruntime:VCRUNTIME140.dll
 0002:00000000       __imp__ReadFile@20         10012000     kernel32:KERNEL32.dll
 0002:00000004       __imp__WriteFile@20        10012004     kernel32:KERNEL32.dll
 0002:00000008       __imp__SetFilePointer@16   10012008     kernel32:KERNEL32.dll
 0002:0000000c       __imp__CreateFileW@28      1001200c     kernel32:KERNEL32.dll
 0002:00000010       __imp__GetLastError@0      10012010     kernel32:KERNEL32.dll
 0002:00000014       __imp__CreateFileA@28      10012014     kernel32:KERNEL32.dll
 0002:00000018       __imp__CloseHandle@4       10012018     kernel32:KERNEL32.dll
 0002:0000001c       __imp__GetCurrentProcessId@0 1001201c     kernel32:KERNEL32.dll
 0002:00000020       __imp__GetCurrentThreadId@0 10012020     kernel32:KERNEL32.dll
 0002:00000024       __imp__GetSystemTimeAsFileTime@4 10012024     kernel32:KERNEL32.dll
 0002:00000028       __imp__DisableThreadLibraryCalls@4 10012028     kernel32:KERNEL32.dll
 0002:0000002c       __imp__InitializeSListHead@4 1001202c     kernel32:KERNEL32.dll
 0002:00000030       __imp__TerminateProcess@8  10012030     kernel32:KERNEL32.dll
 0002:00000034       __imp__GetCurrentProcess@0 10012034     kernel32:KERNEL32.dll
 0002:00000038       __imp__GetModuleHandleW@4  10012038     kernel32:KERNEL32.dll
 0002:0000003c       __imp__IsProcessorFeaturePresent@4 1001203c     kernel32:KERNEL32.dll
 0002:00000040       __imp__GetStartupInfoW@4   10012040     kernel32:KERNEL32.dll
 0002:00000044       __imp__SetUnhandledExceptionFilter@4 10012044     kernel32:KERNEL32.dll
 0002:00000048       __imp__UnhandledExceptionFilter@4 10012048     kernel32:KERNEL32.dll
 0002:0000004c       __imp__IsDebuggerPresent@0 1001204c     kernel32:KERNEL32.dll
 0002:00000050       __imp__QueryPerformanceCounter@4 10012050     kernel32:KERNEL32.dll
 0002:00000054       \177KERNEL32_NULL_THUNK_DATA 10012054     kernel32:KERNEL32.dll
 0002:00000058       __imp__memset              10012058     vcruntime:VCRUNTIME140.dll
 0002:0000005c       __imp____std_type_info_destroy_list 1001205c     vcruntime:VCRUNTIME140.dll
 0002:00000060       __imp__memchr              10012060     vcruntime:VCRUNTIME140.dll
 0002:00000064       __imp___except_handler4_common 10012064     vcruntime:VCRUNTIME140.dll
 0002:00000068       __imp__memcpy              10012068     vcruntime:VCRUNTIME140.dll
 0002:0000006c       \177VCRUNTIME140_NULL_THUNK_DATA 1001206c     vcruntime:VCRUNTIME140.dll
 0002:00000070       __imp__wcstombs            10012070     ucrt:api-ms-win-crt-convert-l1-1-0.dll
 0002:00000074       \177api-ms-win-crt-convert-l1-1-0_NULL_THUNK_DATA 10012074     ucrt:api-ms-win-crt-convert-l1-1-0.dll
 0002:00000078       __imp__malloc              10012078     ucrt:api-ms-win-crt-heap-l1-1-0.dll
 0002:0000007c       __imp__free                1001207c     ucrt:api-ms-win-crt-heap-l1-1-0.dll
 0002:00000080       \177api-ms-win-crt-heap-l1-1-0_NULL_THUNK_DATA 10012080     ucrt:api-ms-win-crt-heap-l1-1-0.dll
 0002:00000084       __imp__strerror            10012084     ucrt:api-ms-win-crt-runtime-l1-1-0.dll
 0002:00000088       __imp___errno              10012088     ucrt:api-ms-win-crt-runtime-l1-1-0.dll
 0002:0000008c       __imp__terminate           1001208c     ucrt:api-ms-win-crt-runtime-l1-1-0.dll
 0002:00000090       __imp___initterm           10012090     ucrt:api-ms-win-crt-runtime-l1-1-0.dll
 0002:00000094       __imp___initterm_e         10012094     ucrt:api-ms-win-crt-runtime-l1-1-0.dll
 0002:00000098       __imp___seh_filter_dll     10012098     ucrt:api-ms-win-crt-runtime-l1-1-0.dll
 0002:0000009c       __imp___configure_narrow_argv 1001209c     ucrt:api-ms-win-crt-runtime-l1-1-0.dll
 0002:000000a0       __imp___initialize_narrow_environment 100120a0     ucrt:api-ms-win-crt-runtime-l1-1-0.dll
 0002:000000a4       __imp___initialize_onexit_table 100120a4     ucrt:api-ms-win-crt-runtime-l1-1-0.dll
 0002:000000a8       __imp___register_onexit_function 100120a8     ucrt:api-ms-win-crt-runtime-l1-1-0.dll
 0002:000000ac       __imp___execute_onexit_table 100120ac     ucrt:api-ms-win-crt-runtime-l1-1-0.dll
 0002:000000b0       __imp___crt_atexit         100120b0     ucrt:api-ms-win-crt-runtime-l1-1-0.dll
 0002:000000b4       __imp___crt_at_quick_exit  100120b4     ucrt:api-ms-win-crt-runtime-l1-1-0.dll
 0002:000000b8       __imp___cexit              100120b8     ucrt:api-ms-win-crt-runtime-l1-1-0.dll
 0002:000000bc       \177api-ms-win-crt-runtime-l1-1-0_NULL_THUNK_DATA 100120bc     ucrt:api-ms-win-crt-runtime-l1-1-0.dll
 0002:000000c0       __imp___wopen              100120c0     ucrt:api-ms-win-crt-stdio-l1-1-0.dll
 0002:000000c4       __imp__fopen               100120c4     ucrt:api-ms-win-crt-stdio-l1-1-0.dll
 0002:000000c8       __imp___lseeki64           100120c8     ucrt:api-ms-win-crt-stdio-l1-1-0.dll
 0002:000000cc       __imp___fseeki64           100120cc     ucrt:api-ms-win-crt-stdio-l1-1-0.dll
 0002:000000d0       __imp___open               100120d0     ucrt:api-ms-win-crt-stdio-l1-1-0.dll
 0002:000000d4       __imp__fread               100120d4     ucrt:api-ms-win-crt-stdio-l1-1-0.dll
 0002:000000d8       __imp__ferror              100120d8     ucrt:api-ms-win-crt-stdio-l1-1-0.dll
 0002:000000dc       __imp__ftell               100120dc     ucrt:api-ms-win-crt-stdio-l1-1-0.dll
 0002:000000e0       __imp___write              100120e0     ucrt:api-ms-win-crt-stdio-l1-1-0.dll
 0002:000000e4       __imp___ftelli64           100120e4     ucrt:api-ms-win-crt-stdio-l1-1-0.dll
 0002:000000e8       __imp__fwrite              100120e8     ucrt:api-ms-win-crt-stdio-l1-1-0.dll
 0002:000000ec       __imp___close              100120ec     ucrt:api-ms-win-crt-stdio-l1-1-0.dll
 0002:000000f0       __imp___read               100120f0     ucrt:api-ms-win-crt-stdio-l1-1-0.dll
 0002:000000f4       __imp__fseek               100120f4     ucrt:api-ms-win-crt-stdio-l1-1-0.dll
 0002:000000f8       __imp__fclose              100120f8     ucrt:api-ms-win-crt-stdio-l1-1-0.dll
 0002:000000fc       __imp____stdio_common_vsprintf 100120fc     ucrt:api-ms-win-crt-stdio-l1-1-0.dll
 0002:00000100       \177api-ms-win-crt-stdio-l1-1-0_NULL_THUNK_DATA 10012100     ucrt:api-ms-win-crt-stdio-l1-1-0.dll
 0002:00000104       __imp___time64             10012104     ucrt:api-ms-win-crt-time-l1-1-0.dll
 0002:00000108       \177api-ms-win-crt-time-l1-1-0_NULL_THUNK_DATA 10012108     ucrt:api-ms-win-crt-time-l1-1-0.dll
 0002:0000010c       __imp__srand               1001210c     ucrt:api-ms-win-crt-utility-l1-1-0.dll
 0002:00000110       __imp__rand                10012110     ucrt:api-ms-win-crt-utility-l1-1-0.dll
 0002:00000114       \177api-ms-win-crt-utility-l1-1-0_NULL_THUNK_DATA 10012114     ucrt:api-ms-win-crt-utility-l1-1-0.dll
 0002:00000118       ___guard_check_icall_fptr  10012118     MSVCRT:guard_support.obj
 0002:0000011c       ___xc_a                    1001211c     MSVCRT:initializers.obj
 0002:00000120       ___xc_z                    10012120     MSVCRT:initializers.obj
 0002:00000124       ___xi_a                    10012124     MSVCRT:initializers.obj
 0002:00000128       ___xi_z                    10012128     MSVCRT:initializers.obj
 0002:0000012c       ___xp_a                    1001212c     MSVCRT:initializers.obj
 0002:00000130       ___xp_z                    10012130     MSVCRT:initializers.obj
 0002:00000134       ___xt_a                    10012134     MSVCRT:initializers.obj
 0002:00000138       ___xt_z                    10012138     MSVCRT:initializers.obj
 0002:00000140       __pDefaultRawDllMain       10012140     MSVCRT:dll_dllmain.obj
 0002:00000140       __pRawDllMain              10012140     MSVCRT:dll_dllmain.obj
 0002:0000014c       ??_C@_06CJNJFBNP@1?42?411?$AA@ 1001214c     compress.obj
 0002:00003428       __length_code              10015428     trees.obj
 0002:00003528       __dist_code                10015528     trees.obj
 0002:00003ea0       _unz_copyright             10015ea0     unzip.obj
 0002:00003ef4       _z_errmsg                  10015ef4     zutil.obj
 0002:00003f1c       ??_C@_02DKCKIIND@?$CFs?$AA@ 10015f1c     gzlib.obj
 0002:00003f20       ??_C@_07EBNKNFJN@?$DMfd?3?$CFd?$DO?$AA@ 10015f20     gzlib.obj
 0002:00003f28       ??_C@_0O@BNNCBLEN@out?5of?5memory?$AA@ 10015f28     gzlib.obj
 0002:00003f36       ??_C@_00CNPNBAHC@?$AA@     10015f36     gzlib.obj
 0002:00003f38       ??_C@_02LMMGGCAJ@?3?5?$AA@ 10015f38     gzlib.obj
 0002:00003f3c       ??_C@_06DIJPEION@?$CFs?$CFs?$CFs?$AA@ 10015f3c     gzlib.obj
 0002:00003f44       ??_C@_0BH@CFIIDOJD@unexpected?5end?5of?5file?$AA@ 10015f44     gzread.obj
 0002:00003f5c       ??_C@_0CH@CPOLIEKA@internal?5error?3?5inflate?5stream?5c@ 10015f5c     gzread.obj
 0002:00003f84       ??_C@_0BG@HCKBMIHF@compressed?5data?5error?$AA@ 10015f84     gzread.obj
 0002:00003f9c       ??_C@_0BP@HLDABFKK@request?5does?5not?5fit?5in?5an?5int?$AA@ 10015f9c     gzread.obj
 0002:00003fbc       ??_C@_0CB@EGGJDMIK@request?5does?5not?5fit?5in?5a?5size_t@ 10015fbc     gzread.obj
 0002:00003fe0       ??_C@_0BP@IIKIGMCC@out?5of?5room?5to?5push?5characters?$AA@ 10015fe0     gzread.obj
 0002:00004000       ??_C@_0CH@DEEGAHIB@internal?5error?3?5deflate?5stream?5c@ 10016000     gzwrite.obj
 0002:00004028       ??_C@_0CF@MLPJFDMM@requested?5length?5does?5not?5fit?5in@ 10016028     gzwrite.obj
 0002:00004050       ??_C@_0BD@PJCBIDD@invalid?5block?5type?$AA@ 10016050     infback.obj
 0002:00004064       ??_C@_0BN@LGAADGOK@invalid?5stored?5block?5lengths?$AA@ 10016064     infback.obj
 0002:00004084       ??_C@_0CE@GMIGFPBB@too?5many?5length?5or?5distance?5symb@ 10016084     infback.obj
 0002:000040a8       ??_C@_0BJ@HDEPPGOH@invalid?5code?5lengths?5set?$AA@ 100160a8     infback.obj
 0002:000040c4       ??_C@_0BK@BMMPFBBH@invalid?5bit?5length?5repeat?$AA@ 100160c4     infback.obj
 0002:000040e0       ??_C@_0CF@DGDMADCD@invalid?5code?5?9?9?5missing?5end?9of?9b@ 100160e0     infback.obj
 0002:00004108       ??_C@_0BM@IIMGAINC@invalid?5literal?1lengths?5set?$AA@ 10016108     infback.obj
 0002:00004124       ??_C@_0BG@GMDFCBGP@invalid?5distances?5set?$AA@ 10016124     infback.obj
 0002:0000413c       ??_C@_0BM@FFFLPBBC@invalid?5literal?1length?5code?$AA@ 1001613c     infback.obj
 0002:00004158       ??_C@_0BG@LBKINIKP@invalid?5distance?5code?$AA@ 10016158     infback.obj
 0002:00004170       ??_C@_0BO@ECPMAOGG@invalid?5distance?5too?5far?5back?$AA@ 10016170     infback.obj
 0002:00004190       ??_C@_0BH@LIBMMIGA@incorrect?5header?5check?$AA@ 10016190     inflate.obj
 0002:000041a8       ??_C@_0BL@IHKGDAEE@unknown?5compression?5method?$AA@ 100161a8     inflate.obj
 0002:000041c4       ??_C@_0BE@EMOGCLGO@invalid?5window?5size?$AA@ 100161c4     inflate.obj
 0002:000041d8       ??_C@_0BJ@BLBBCOMO@unknown?5header?5flags?5set?$AA@ 100161d8     inflate.obj
 0002:000041f4       ??_C@_0BE@GONKLEPM@header?5crc?5mismatch?$AA@ 100161f4     inflate.obj
 0002:00004208       ??_C@_0BF@MEIGEHBE@incorrect?5data?5check?$AA@ 10016208     inflate.obj
 0002:00004220       ??_C@_0BH@FGKKJGOC@incorrect?5length?5check?$AA@ 10016220     inflate.obj
 0002:00004238       ??_C@_02JDPG@rb?$AA@       10016238     ioapi.obj
 0002:0000423c       ??_C@_03HMFOOINA@r?$CLb?$AA@ 1001623c     ioapi.obj
 0002:00004240       ??_C@_02GMLFBBN@wb?$AA@    10016240     ioapi.obj
 0002:00004244       ??_C@_01JOAMLHOP@?9?$AA@   10016244     zip.obj
 0002:00004248       ??_C@_0BA@MOKMMFOD@need?5dictionary?$AA@ 10016248     zutil.obj
 0002:00004258       ??_C@_0L@FNAOCBOG@stream?5end?$AA@ 10016258     zutil.obj
 0002:00004264       ??_C@_0L@KIJFAKBJ@file?5error?$AA@ 10016264     zutil.obj
 0002:00004270       ??_C@_0N@MKKNPMJD@stream?5error?$AA@ 10016270     zutil.obj
 0002:00004280       ??_C@_0L@HAHMBNLP@data?5error?$AA@ 10016280     zutil.obj
 0002:0000428c       ??_C@_0BE@OGGJBMCE@insufficient?5memory?$AA@ 1001628c     zutil.obj
 0002:000042a0       ??_C@_0N@DFPGLBGC@buffer?5error?$AA@ 100162a0     zutil.obj
 0002:000042b0       ??_C@_0BF@CJFPCCEG@incompatible?5version?$AA@ 100162b0     zutil.obj
 0002:00004340       __load_config_used         10016340     MSVCRT:loadcfg.obj
 0002:000043a0       ___safe_se_handler_table   100163a0     <linker-defined>
 0002:00004658       ___rtc_iaa                 10016658     MSVCRT:_initsect_.obj
 0002:0000465c       ___rtc_izz                 1001665c     MSVCRT:_initsect_.obj
 0002:00004660       ___rtc_taa                 10016660     MSVCRT:_initsect_.obj
 0002:00004664       ___rtc_tzz                 10016664     MSVCRT:_initsect_.obj
 0002:000053ec       __IMPORT_DESCRIPTOR_KERNEL32 100173ec     kernel32:KERNEL32.dll
 0002:00005400       __IMPORT_DESCRIPTOR_VCRUNTIME140 10017400     vcruntime:VCRUNTIME140.dll
 0002:00005414       __IMPORT_DESCRIPTOR_api-ms-win-crt-stdio-l1-1-0 10017414     ucrt:api-ms-win-crt-stdio-l1-1-0.dll
 0002:00005428       __IMPORT_DESCRIPTOR_api-ms-win-crt-convert-l1-1-0 10017428     ucrt:api-ms-win-crt-convert-l1-1-0.dll
 0002:0000543c       __IMPORT_DESCRIPTOR_api-ms-win-crt-heap-l1-1-0 1001743c     ucrt:api-ms-win-crt-heap-l1-1-0.dll
 0002:00005450       __IMPORT_DESCRIPTOR_api-ms-win-crt-runtime-l1-1-0 10017450     ucrt:api-ms-win-crt-runtime-l1-1-0.dll
 0002:00005464       __IMPORT_DESCRIPTOR_api-ms-win-crt-utility-l1-1-0 10017464     ucrt:api-ms-win-crt-utility-l1-1-0.dll
 0002:00005478       __IMPORT_DESCRIPTOR_api-ms-win-crt-time-l1-1-0 10017478     ucrt:api-ms-win-crt-time-l1-1-0.dll
 0002:0000548c       __NULL_IMPORT_DESCRIPTOR   1001748c     kernel32:KERNEL32.dll
 0003:00000000       ___scrt_native_dllmain_reason 10018000     MSVCRT:utility.obj
 0003:00000010       ___isa_enabled             10018010     MSVCRT:_cpu_disp_.obj
 0003:00000014       ___security_cookie_complement 10018014     MSVCRT:gs_cookie.obj
 0003:00000018       ___security_cookie         10018018     MSVCRT:gs_cookie.obj
 0003:0000001c       ___scrt_ucrt_dll_is_in_use 1001801c     MSVCRT:ucrt_stubs.obj
 0003:00000024       ___scrt_current_native_startup_state 10018024     MSVCRT:utility.obj
 0003:00000028       ___scrt_native_startup_lock 10018028     MSVCRT:utility.obj
 0003:00000048       ?__type_info_root_node@@3U__type_info_node@@A 10018048     MSVCRT:tncleanup.obj
 0003:00000050       ?_OptionsStorage@?1??__local_stdio_printf_options@@9@4_KA 10018050     MSVCRT:default_local_stdio_options.obj
 0003:00000058       ?_OptionsStorage@?1??__local_stdio_scanf_options@@9@4_KA 10018058     MSVCRT:default_local_stdio_options.obj
 0003:00000060       ___scrt_debugger_hook_flag 10018060     MSVCRT:utility_desktop.obj
 0003:00000064       ___isa_available           10018064     MSVCRT:_cpu_disp_.obj
 0003:00000068       ___favor                   10018068     MSVCRT:_cpu_disp_.obj
 0003:00000390       ___dyn_tls_init_callback   10018390     <common>
 0003:00000398       ?_OptionsStorage@?1??__local_stdio_printf_options@@9@9 10018398     <common>
 0003:000003a0       ?_OptionsStorage@?1??__local_stdio_scanf_options@@9@9 100183a0     <common>

 entry point at        0001:0000faed

 Static symbols

 0000:fffe4000       .debug$S                   10000000     ucrt:api-ms-win-crt-heap-l1-1-0.dll
 0000:fffe4000       .debug$S                   10000000     kernel32:KERNEL32.dll
 0000:fffe4000       .debug$S                   10000000     kernel32:KERNEL32.dll
 0000:fffe4000       .debug$S                   10000000     kernel32:KERNEL32.dll
 0000:fffe4000       .debug$S                   10000000     kernel32:KERNEL32.dll
 0000:fffe4000       .debug$S                   10000000     kernel32:KERNEL32.dll
 0000:fffe4000       .debug$S                   10000000     kernel32:KERNEL32.dll
 0000:fffe4000       .debug$S                   10000000     kernel32:KERNEL32.dll
 0000:fffe4000       .debug$S                   10000000     kernel32:KERNEL32.dll
 0000:fffe4000       .debug$S                   10000000     kernel32:KERNEL32.dll
 0000:fffe4000       .debug$S                   10000000     kernel32:KERNEL32.dll
 0000:fffe4000       .debug$S                   10000000     kernel32:KERNEL32.dll
 0000:fffe4000       .debug$S                   10000000     kernel32:KERNEL32.dll
 0000:fffe4000       .debug$S                   10000000     kernel32:KERNEL32.dll
 0000:fffe4000       .debug$S                   10000000     kernel32:KERNEL32.dll
 0000:fffe4000       .debug$S                   10000000     kernel32:KERNEL32.dll
 0000:fffe4000       .debug$S                   10000000     kernel32:KERNEL32.dll
 0000:fffe4000       .debug$S                   10000000     kernel32:KERNEL32.dll
 0000:fffe4000       .debug$S                   10000000     kernel32:KERNEL32.dll
 0000:fffe4000       .debug$S                   10000000     kernel32:KERNEL32.dll
 0000:fffe4000       .debug$S                   10000000     kernel32:KERNEL32.dll
 0000:fffe4000       .debug$S                   10000000     vcruntime:VCRUNTIME140.dll
 0000:fffe4000       .debug$S                   10000000     vcruntime:VCRUNTIME140.dll
 0000:fffe4000       .debug$S                   10000000     vcruntime:VCRUNTIME140.dll
 0000:fffe4000       .debug$S                   10000000     ucrt:api-ms-win-crt-convert-l1-1-0.dll
 0000:fffe4000       .debug$S                   10000000     vcruntime:VCRUNTIME140.dll
 0000:fffe4000       .debug$S                   10000000     vcruntime:VCRUNTIME140.dll
 0000:fffe4000       .debug$S                   10000000     ucrt:api-ms-win-crt-utility-l1-1-0.dll
 0000:fffe4000       .debug$S                   10000000     ucrt:api-ms-win-crt-utility-l1-1-0.dll
 0000:fffe4000       .debug$S                   10000000     ucrt:api-ms-win-crt-time-l1-1-0.dll
 0000:fffe4000       .debug$S                   10000000     ucrt:api-ms-win-crt-stdio-l1-1-0.dll
 0000:fffe4000       .debug$S                   10000000     ucrt:api-ms-win-crt-stdio-l1-1-0.dll
 0000:fffe4000       .debug$S                   10000000     ucrt:api-ms-win-crt-stdio-l1-1-0.dll
 0000:fffe4000       .debug$S                   10000000     ucrt:api-ms-win-crt-stdio-l1-1-0.dll
 0000:fffe4000       .debug$S                   10000000     ucrt:api-ms-win-crt-stdio-l1-1-0.dll
 0000:fffe4000       .debug$S                   10000000     ucrt:api-ms-win-crt-stdio-l1-1-0.dll
 0000:fffe4000       .debug$S                   10000000     ucrt:api-ms-win-crt-stdio-l1-1-0.dll
 0000:fffe4000       .debug$S                   10000000     ucrt:api-ms-win-crt-stdio-l1-1-0.dll
 0000:fffe4000       .debug$S                   10000000     ucrt:api-ms-win-crt-stdio-l1-1-0.dll
 0000:fffe4000       .debug$S                   10000000     ucrt:api-ms-win-crt-stdio-l1-1-0.dll
 0000:fffe4000       .debug$S                   10000000     ucrt:api-ms-win-crt-stdio-l1-1-0.dll
 0000:fffe4000       .debug$S                   10000000     ucrt:api-ms-win-crt-stdio-l1-1-0.dll
 0000:fffe4000       .debug$S                   10000000     ucrt:api-ms-win-crt-stdio-l1-1-0.dll
 0000:fffe4000       .debug$S                   10000000     ucrt:api-ms-win-crt-stdio-l1-1-0.dll
 0000:fffe4000       .debug$S                   10000000     ucrt:api-ms-win-crt-stdio-l1-1-0.dll
 0000:fffe4000       .debug$S                   10000000     ucrt:api-ms-win-crt-stdio-l1-1-0.dll
 0000:fffe4000       .debug$S                   10000000     ucrt:api-ms-win-crt-runtime-l1-1-0.dll
 0000:fffe4000       .debug$S                   10000000     ucrt:api-ms-win-crt-runtime-l1-1-0.dll
 0000:fffe4000       .debug$S                   10000000     ucrt:api-ms-win-crt-runtime-l1-1-0.dll
 0000:fffe4000       .debug$S                   10000000     ucrt:api-ms-win-crt-runtime-l1-1-0.dll
 0000:fffe4000       .debug$S                   10000000     ucrt:api-ms-win-crt-runtime-l1-1-0.dll
 0000:fffe4000       .debug$S                   10000000     ucrt:api-ms-win-crt-runtime-l1-1-0.dll
 0000:fffe4000       .debug$S                   10000000     ucrt:api-ms-win-crt-runtime-l1-1-0.dll
 0000:fffe4000       .debug$S                   10000000     ucrt:api-ms-win-crt-runtime-l1-1-0.dll
 0000:fffe4000       .debug$S                   10000000     ucrt:api-ms-win-crt-runtime-l1-1-0.dll
 0000:fffe4000       .debug$S                   10000000     ucrt:api-ms-win-crt-runtime-l1-1-0.dll
 0000:fffe4000       .debug$S                   10000000     ucrt:api-ms-win-crt-runtime-l1-1-0.dll
 0000:fffe4000       .debug$S                   10000000     ucrt:api-ms-win-crt-runtime-l1-1-0.dll
 0000:fffe4000       .debug$S                   10000000     ucrt:api-ms-win-crt-runtime-l1-1-0.dll
 0000:fffe4000       .debug$S                   10000000     ucrt:api-ms-win-crt-runtime-l1-1-0.dll
 0000:fffe4000       .debug$S                   10000000     ucrt:api-ms-win-crt-heap-l1-1-0.dll
 0000:fffe4000       .debug$S                   10000000     zlibwapi.exp
 0000:fffe4000       .debug$S                   10000000     kernel32:KERNEL32.dll
 0001:00000290       _adler32_combine_          10001290 f   adler32.obj
 0001:000004e0       _crc32_little              100014e0 f   crc32.obj
 0001:00000770       _crc32_big                 10001770 f   crc32.obj
 0001:00000a50       _gf2_matrix_times          10001a50 f   crc32.obj
 0001:00000a70       _gf2_matrix_square         10001a70 f   crc32.obj
 0001:00000ab0       _crc32_combine_            10001ab0 f   crc32.obj
 0001:00000bc0       _slide_hash                10001bc0 f   deflate.obj
 0001:00000e70       _deflateStateCheck         10001e70 f   deflate.obj
 0001:00001550       _putShortMSB               10002550 f   deflate.obj
 0001:00001580       _flush_pending             10002580 f   deflate.obj
 0001:000020a0       _read_buf                  100030a0 f   deflate.obj
 0001:00002120       _lm_init                   10003120 f   deflate.obj
 0001:000021d0       _longest_match             100031d0 f   deflate.obj
 0001:00002360       _fill_window               10003360 f   deflate.obj
 0001:000024f0       _deflate_stored            100034f0 f   deflate.obj
 0001:00002850       _deflate_fast              10003850 f   deflate.obj
 0001:00002b70       _deflate_slow              10003b70 f   deflate.obj
 0001:00002f80       _deflate_rle               10003f80 f   deflate.obj
 0001:00003220       _deflate_huff              10004220 f   deflate.obj
 0001:00003440       _gz_reset                  10004440 f   gzlib.obj
 0001:000034a0       _gz_open                   100044a0 f   gzlib.obj
 0001:00003740       $LN55                      10004740     gzlib.obj
 0001:0000376c       $LN49                      1000476c     gzlib.obj
 0001:00003da0       _gz_load                   10004da0 f   gzread.obj
 0001:00003e30       _gz_avail                  10004e30 f   gzread.obj
 0001:00003eb0       _gz_look                   10004eb0 f   gzread.obj
 0001:00004040       _gz_decomp                 10005040 f   gzread.obj
 0001:00004140       _gz_fetch                  10005140 f   gzread.obj
 0001:000041c0       _gz_skip                   100051c0 f   gzread.obj
 0001:00004240       _gz_read                   10005240 f   gzread.obj
 0001:000047c0       _gz_init                   100057c0 f   gzwrite.obj
 0001:000048b0       _gz_comp                   100058b0 f   gzwrite.obj
 0001:00004a10       _gz_zero                   10005a10 f   gzwrite.obj
 0001:00004ac0       _gz_write                  10005ac0 f   gzwrite.obj
 0001:000051d0       _fixedtables               100061d0 f   infback.obj
 0001:00005f3c       $LN502                     10006f3c     infback.obj
 0001:00005f58       $LN473                     10006f58     infback.obj
 0001:00005f6c       $LN503                     10006f6c     infback.obj
 0001:000063d0       _inflateStateCheck         100073d0 f   inflate.obj
 0001:000066e0       _fixedtables               100076e0 f   inflate.obj
 0001:00006700       _updatewindow              10007700 f   inflate.obj
 0001:00007ec8       $LN936                     10008ec8     inflate.obj
 0001:00007f44       $LN937                     10008f44     inflate.obj
 0001:00008110       _syncsearch                10009110 f   inflate.obj
 0001:00008a10       _fopen_file_func           10009a10 f   ioapi.obj
 0001:00008a60       _fopen64_file_func         10009a60 f   ioapi.obj
 0001:00008ab0       _fread_file_func           10009ab0 f   ioapi.obj
 0001:00008ad0       _fwrite_file_func          10009ad0 f   ioapi.obj
 0001:00008af0       _ftell_file_func           10009af0 f   ioapi.obj
 0001:00008b10       _ftell64_file_func         10009b10 f   ioapi.obj
 0001:00008b30       _fseek_file_func           10009b30 f   ioapi.obj
 0001:00008b80       _fseek64_file_func         10009b80 f   ioapi.obj
 0001:00008bd0       _fclose_file_func          10009bd0 f   ioapi.obj
 0001:00008bf0       _ferror_file_func          10009bf0 f   ioapi.obj
 0001:00008c50       _win32_translate_open_mode 10009c50 f   iowin32.obj
 0001:00008cc0       _win32_build_iowin         10009cc0 f   iowin32.obj
 0001:00008f20       _MySetFilePointerEx        10009f20 f   iowin32.obj
 0001:00009270       _tr_static_init            1000a270 f   trees.obj
 0001:000092e0       _init_block                1000a2e0 f   trees.obj
 0001:00009370       _pqdownheap                1000a370 f   trees.obj
 0001:00009450       _gen_bitlen                1000a450 f   trees.obj
 0001:00009660       _gen_codes                 1000a660 f   trees.obj
 0001:000096d0       _build_tree                1000a6d0 f   trees.obj
 0001:000098e0       _scan_tree                 1000a8e0 f   trees.obj
 0001:000099d0       _send_tree                 1000a9d0 f   trees.obj
 0001:00009ee0       _build_bl_tree             1000aee0 f   trees.obj
 0001:00009fc0       _send_all_trees            1000afc0 f   trees.obj
 0001:0000a600       _compress_block            1000b600 f   trees.obj
 0001:0000aa00       _detect_data_type          1000ba00 f   trees.obj
 0001:0000aa70       _bi_reverse                1000ba70 f   trees.obj
 0001:0000aa90       _bi_flush                  1000ba90 f   trees.obj
 0001:0000ab10       _bi_windup                 1000bb10 f   trees.obj
 0001:0000acc0       _unz64local_getByte        1000bcc0 f   unzip.obj
 0001:0000ad10       _unz64local_getShort       1000bd10 f   unzip.obj
 0001:0000ad80       _unz64local_getLong        1000bd80 f   unzip.obj
 0001:0000ae30       _unz64local_getLong64      1000be30 f   unzip.obj
 0001:0000afa0       _strcmpcasenosensitive_internal 1000bfa0 f   unzip.obj
 0001:0000b050       _unz64local_SearchCentralDir 1000c050 f   unzip.obj
 0001:0000b200       _unz64local_SearchCentralDir64 1000c200 f   unzip.obj
 0001:0000b490       _unzOpenInternal           1000c490 f   unzip.obj
 0001:0000ba40       _unz64local_DosDateToTmuDate 1000ca40 f   unzip.obj
 0001:0000bac0       _unz64local_GetCurrentFileInfoInternal 1000cac0 f   unzip.obj
 0001:0000c580       _unz64local_CheckCurrentFileCoherencyHeader 1000d580 f   unzip.obj
 0001:0000d040       _time                      1000e040 f   zip.obj
 0001:0000d050       _decrypt_byte              1000e050 f   zip.obj
 0001:0000d070       _update_keys               1000e070 f   zip.obj
 0001:0000d0c0       _init_keys                 1000e0c0 f   zip.obj
 0001:0000d110       _crypthead                 1000e110 f   zip.obj
 0001:0000d240       _allocate_new_datablock    1000e240 f   zip.obj
 0001:0000d270       _free_datablock            1000e270 f   zip.obj
 0001:0000d2a0       _init_linkedlist           1000e2a0 f   zip.obj
 0001:0000d2b0       _free_linkedlist           1000e2b0 f   zip.obj
 0001:0000d2d0       _add_data_in_datablock     1000e2d0 f   zip.obj
 0001:0000d380       _zip64local_putValue       1000e380 f   zip.obj
 0001:0000d400       _zip64local_putValue_inmemory 1000e400 f   zip.obj
 0001:0000d440       _zip64local_TmzDateToDosDate 1000e440 f   zip.obj
 0001:0000d490       _zip64local_getByte        1000e490 f   zip.obj
 0001:0000d4e0       _zip64local_getShort       1000e4e0 f   zip.obj
 0001:0000d550       _zip64local_getLong        1000e550 f   zip.obj
 0001:0000d600       _zip64local_getLong64      1000e600 f   zip.obj
 0001:0000d770       _zip64local_SearchCentralDir 1000e770 f   zip.obj
 0001:0000d920       _zip64local_SearchCentralDir64 1000e920 f   zip.obj
 0001:0000eb80       _zip64FlushWriteBuffer     1000fb80 f   zip.obj
 0001:0000f7dc       ?dllmain_crt_dispatch@@YGHQAUHINSTANCE__@@KQAX@Z 100107dc f   MSVCRT:dll_dllmain.obj
 0001:0000f82f       ?dllmain_crt_process_attach@@YAHQAUHINSTANCE__@@QAX@Z 1001082f f   MSVCRT:dll_dllmain.obj
 0001:0000f941       ?dllmain_crt_process_detach@@YAH_N@Z 10010941 f   MSVCRT:dll_dllmain.obj
 0001:0000f9be       ?dllmain_dispatch@@YAHQAUHINSTANCE__@@KQAX@Z 100109be f   MSVCRT:dll_dllmain.obj
 0001:0000faba       ?dllmain_raw@@YGHQAUHINSTANCE__@@KQAX@Z 10010aba f   MSVCRT:dll_dllmain.obj
 0001:0000fb5b       ?find_pe_section@@YAPAU_IMAGE_SECTION_HEADER@@QAEI@Z 10010b5b f   MSVCRT:utility.obj
 0001:0000fb9f       ?is_potentially_valid_image_base@@YA_NQAX@Z 10010b9f f   MSVCRT:utility.obj
 0001:00010240       $$000000                   10011240     MSVCRT:_sehprolg4_.obj
 0001:00010900       $$000000                   10011900     MSVCRT:lldiv.obj
 0001:000109b0       $$000000                   100119b0     MSVCRT:chkstk.obj
 0002:00000144       _GS_ExceptionPointers      10012144     MSVCRT:gs_report.obj
 0002:00000158       _crc_table                 10012158     crc32.obj
 0002:00002158       ?my_version@?1??deflateInit2_@@9@9 10014158     deflate.obj
 0002:00002160       _configuration_table       10014160     deflate.obj
 0002:000021d8       ?lenfix@?1??fixedtables@@9@9 100141d8     infback.obj
 0002:000029d8       ?distfix@?1??fixedtables@@9@9 100149d8     infback.obj
 0002:00002a58       ?order@?1??inflateBack@@9@9 10014a58     infback.obj
 0002:00002a80       ?lenfix@?1??fixedtables@@9@9 10014a80     inflate.obj
 0002:00003280       ?distfix@?1??fixedtables@@9@9 10015280     inflate.obj
 0002:00003300       ?order@?1??inflate@@9@9    10015300     inflate.obj
 0002:00003328       ?dext@?1??inflate_table@@9@9 10015328     inftrees.obj
 0002:00003368       ?lext@?1??inflate_table@@9@9 10015368     inftrees.obj
 0002:000033a8       ?lbase@?1??inflate_table@@9@9 100153a8     inftrees.obj
 0002:000033e8       ?dbase@?1??inflate_table@@9@9 100153e8     inftrees.obj
 0002:00003728       _static_dtree              10015728     trees.obj
 0002:000037a0       _extra_blbits              100157a0     trees.obj
 0002:000037f0       _extra_lbits               100157f0     trees.obj
 0002:00003868       _base_dist                 10015868     trees.obj
 0002:000038e0       _base_length               100158e0     trees.obj
 0002:00003954       _static_l_desc             10015954     trees.obj
 0002:00003968       _static_bl_desc            10015968     trees.obj
 0002:00003980       _extra_dbits               10015980     trees.obj
 0002:000039f8       _static_ltree              100159f8     trees.obj
 0002:00003e78       _static_d_desc             10015e78     trees.obj
 0002:00003e8c       _bl_order                  10015e8c     trees.obj
 0002:00004668       __sehtable$?dllmain_crt_process_attach@@YAHQAUHINSTANCE__@@QAX@Z 10016668     MSVCRT:dll_dllmain.obj
 0002:00004688       __sehtable$?dllmain_crt_process_detach@@YAH_N@Z 10016688     MSVCRT:dll_dllmain.obj
 0002:000046a8       __sehtable$?dllmain_dispatch@@YAHQAUHINSTANCE__@@KQAX@Z 100166a8     MSVCRT:dll_dllmain.obj
 0002:000046c8       __sehtable$___scrt_is_nonwritable_in_current_image 100166c8     MSVCRT:utility.obj
 0002:000046f0       .edata                     100166f0     zlibwapi.exp
 0002:00004718       rgpv                       10016718     zlibwapi.exp
 0002:000049d4       rgszName                   100169d4     zlibwapi.exp
 0002:00004bd8       rgwOrd                     10016bd8     zlibwapi.exp
 0002:00004cda       szName                     10016cda     zlibwapi.exp
 0002:00004ce7       $N00001                    10016ce7     zlibwapi.exp
 0002:00004cef       $N00140                    10016cef     zlibwapi.exp
 0002:00004cff       $N00174                    10016cff     zlibwapi.exp
 0002:00004d09       $N00039                    10016d09     zlibwapi.exp
 0002:00004d13       $N00002                    10016d13     zlibwapi.exp
 0002:00004d1c       $N00046                    10016d1c     zlibwapi.exp
 0002:00004d2a       $N00003                    10016d2a     zlibwapi.exp
 0002:00004d30       $N00142                    10016d30     zlibwapi.exp
 0002:00004d3e       $N00175                    10016d3e     zlibwapi.exp
 0002:00004d46       $N00004                    10016d46     zlibwapi.exp
 0002:00004d4e       $N00047                    10016d4e     zlibwapi.exp
 0002:00004d5b       $N00005                    10016d5b     zlibwapi.exp
 0002:00004d67       $N00006                    10016d67     zlibwapi.exp
 0002:00004d72       $N00173                    10016d72     zlibwapi.exp
 0002:00004d87       $N00007                    10016d87     zlibwapi.exp
 0002:00004d95       $N00008                    10016d95     zlibwapi.exp
 0002:00004da2       $N00009                    10016da2     zlibwapi.exp
 0002:00004db0       $N00052                    10016db0     zlibwapi.exp
 0002:00004dbf       $N00051                    10016dbf     zlibwapi.exp
 0002:00004dcc       $N00010                    10016dcc     zlibwapi.exp
 0002:00004dd9       $N00164                    10016dd9     zlibwapi.exp
 0002:00004dea       $N00011                    10016dea     zlibwapi.exp
 0002:00004dff       $N00144                    10016dff     zlibwapi.exp
 0002:00004e10       $N00145                    10016e10     zlibwapi.exp
 0002:00004e1c       $N00110                    10016e1c     zlibwapi.exp
 0002:00004e30       $N00111                    10016e30     zlibwapi.exp
 0002:00004e46       $N00112                    10016e46     zlibwapi.exp
 0002:00004e5d       $N00113                    10016e5d     zlibwapi.exp
 0002:00004e74       $N00038                    10016e74     zlibwapi.exp
 0002:00004e82       $N00146                    10016e82     zlibwapi.exp
 0002:00004e8b       $N00048                    10016e8b     zlibwapi.exp
 0002:00004e96       $N00012                    10016e96     zlibwapi.exp
 0002:00004e9e       $N00147                    10016e9e     zlibwapi.exp
 0002:00004ea8       $N00148                    10016ea8     zlibwapi.exp
 0002:00004eb2       $N00149                    10016eb2     zlibwapi.exp
 0002:00004ebb       $N00013                    10016ebb     zlibwapi.exp
 0002:00004ec3       $N00034                    10016ec3     zlibwapi.exp
 0002:00004ec9       $N00014                    10016ec9     zlibwapi.exp
 0002:00004ed1       $N00015                    10016ed1     zlibwapi.exp
 0002:00004ed9       $N00171                    10016ed9     zlibwapi.exp
 0002:00004ee1       $N00172                    10016ee1     zlibwapi.exp
 0002:00004eea       $N00030                    10016eea     zlibwapi.exp
 0002:00004ef1       $N00161                    10016ef1     zlibwapi.exp
 0002:00004ef9       $N00041                    10016ef9     zlibwapi.exp
 0002:00004f00       $N00150                    10016f00     zlibwapi.exp
 0002:00004f09       $N00016                    10016f09     zlibwapi.exp
 0002:00004f10       $N00165                    10016f10     zlibwapi.exp
 0002:00004f19       $N00028                    10016f19     zlibwapi.exp
 0002:00004f22       $N00029                    10016f22     zlibwapi.exp
 0002:00004f29       $N00040                    10016f29     zlibwapi.exp
 0002:00004f30       $N00017                    10016f30     zlibwapi.exp
 0002:00004f37       $N00032                    10016f37     zlibwapi.exp
 0002:00004f40       $N00031                    10016f40     zlibwapi.exp
 0002:00004f47       $N00035                    10016f47     zlibwapi.exp
 0002:00004f53       $N00033                    10016f53     zlibwapi.exp
 0002:00004f5a       $N00049                    10016f5a     zlibwapi.exp
 0002:00004f63       $N00167                    10016f63     zlibwapi.exp
 0002:00004f6d       $N00018                    10016f6d     zlibwapi.exp
 0002:00004f75       $N00019                    10016f75     zlibwapi.exp
 0002:00004f7d       $N00044                    10016f7d     zlibwapi.exp
 0002:00004f89       $N00045                    10016f89     zlibwapi.exp
 0002:00004f98       $N00043                    10016f98     zlibwapi.exp
 0002:00004fa9       $N00168                    10016fa9     zlibwapi.exp
 0002:00004fba       $N00042                    10016fba     zlibwapi.exp
 0002:00004fc6       $N00020                    10016fc6     zlibwapi.exp
 0002:00004fd1       $N00166                    10016fd1     zlibwapi.exp
 0002:00004fe6       $N00156                    10016fe6     zlibwapi.exp
 0002:00004ff7       $N00021                    10016ff7     zlibwapi.exp
 0002:00005005       $N00022                    10017005     zlibwapi.exp
 0002:00005012       $N00157                    10017012     zlibwapi.exp
 0002:0000501e       $N00158                    1001701e     zlibwapi.exp
 0002:0000502b       $N00159                    1001702b     zlibwapi.exp
 0002:00005039       $N00023                    10017039     zlibwapi.exp
 0002:00005046       $N00163                    10017046     zlibwapi.exp
 0002:00005057       $N00024                    10017057     zlibwapi.exp
 0002:0000506c       $N00025                    1001706c     zlibwapi.exp
 0002:00005078       $N00037                    10017078     zlibwapi.exp
 0002:00005089       $N00160                    10017089     zlibwapi.exp
 0002:0000509a       $N00169                    1001709a     zlibwapi.exp
 0002:000050aa       $N00170                    100170aa     zlibwapi.exp
 0002:000050b6       $N00026                    100170b6     zlibwapi.exp
 0002:000050c1       $N00062                    100170c1     zlibwapi.exp
 0002:000050ca       $N00072                    100170ca     zlibwapi.exp
 0002:000050de       $N00124                    100170de     zlibwapi.exp
 0002:000050f6       $N00064                    100170f6     zlibwapi.exp
 0002:0000510c       $N00125                    1001710c     zlibwapi.exp
 0002:0000512a       $N00127                    1001712a     zlibwapi.exp
 0002:0000513a       $N00100                    1001713a     zlibwapi.exp
 0002:00005148       $N00073                    10017148     zlibwapi.exp
 0002:0000515c       $N00122                    1001715c     zlibwapi.exp
 0002:0000516f       $N00063                    1001716f     zlibwapi.exp
 0002:00005180       $N00076                    10017180     zlibwapi.exp
 0002:00005196       $N00128                    10017196     zlibwapi.exp
 0002:000051a7       $N00101                    100171a7     zlibwapi.exp
 0002:000051b6       $N00065                    100171b6     zlibwapi.exp
 0002:000051c7       $N00066                    100171c7     zlibwapi.exp
 0002:000051d7       $N00075                    100171d7     zlibwapi.exp
 0002:000051e5       $N00077                    100171e5     zlibwapi.exp
 0002:000051ee       $N00121                    100171ee     zlibwapi.exp
 0002:000051fa       $N00120                    100171fa     zlibwapi.exp
 0002:00005204       $N00061                    10017204     zlibwapi.exp
 0002:0000520c       $N00078                    1001720c     zlibwapi.exp
 0002:00005220       $N00069                    10017220     zlibwapi.exp
 0002:00005234       $N00067                    10017234     zlibwapi.exp
 0002:00005247       $N00079                    10017247     zlibwapi.exp
 0002:00005262       $N00068                    10017262     zlibwapi.exp
 0002:00005275       $N00074                    10017275     zlibwapi.exp
 0002:0000528e       $N00071                    1001728e     zlibwapi.exp
 0002:00005295       $N00126                    10017295     zlibwapi.exp
 0002:0000529f       $N00070                    1001729f     zlibwapi.exp
 0002:000052a7       $N00036                    100172a7     zlibwapi.exp
 0002:000052ae       $N00084                    100172ae     zlibwapi.exp
 0002:000052b7       $N00083                    100172b7     zlibwapi.exp
 0002:000052c9       $N00136                    100172c9     zlibwapi.exp
 0002:000052e0       $N00087                    100172e0     zlibwapi.exp
 0002:000052f5       $N00088                    100172f5     zlibwapi.exp
 0002:000052fe       $N00131                    100172fe     zlibwapi.exp
 0002:0000530a       $N00130                    1001730a     zlibwapi.exp
 0002:00005314       $N00080                    10017314     zlibwapi.exp
 0002:0000531c       $N00086                    1001731c     zlibwapi.exp
 0002:00005331       $N00133                    10017331     zlibwapi.exp
 0002:00005349       $N00089                    10017349     zlibwapi.exp
 0002:0000535e       $N00134                    1001735e     zlibwapi.exp
 0002:00005376       $N00135                    10017376     zlibwapi.exp
 0002:0000538e       $N00132                    1001738e     zlibwapi.exp
 0002:000053a4       $N00081                    100173a4     zlibwapi.exp
 0002:000053b8       $N00082                    100173b8     zlibwapi.exp
 0002:000053cc       $N00050                    100173cc     zlibwapi.exp
 0002:000053dd       $N00027                    100173dd     zlibwapi.exp
 0002:0000561c       .idata$6                   1001761c     kernel32:KERNEL32.dll
 0002:00005678       .idata$6                   10017678     vcruntime:VCRUNTIME140.dll
 0002:00005874       .idata$6                   10017874     ucrt:api-ms-win-crt-stdio-l1-1-0.dll
 0002:00005894       .idata$6                   10017894     ucrt:api-ms-win-crt-convert-l1-1-0.dll
 0002:000058b6       .idata$6                   100178b6     ucrt:api-ms-win-crt-heap-l1-1-0.dll
 0002:000058d6       .idata$6                   100178d6     ucrt:api-ms-win-crt-runtime-l1-1-0.dll
 0002:000058f8       .idata$6                   100178f8     ucrt:api-ms-win-crt-utility-l1-1-0.dll
 0002:0000591a       .idata$6                   1001791a     ucrt:api-ms-win-crt-time-l1-1-0.dll
 0003:00000020       ?__proc_attached@@3HA      10018020     MSVCRT:dll_dllmain.obj
 0003:0000002c       ?module_local_atexit_table@@3U_onexit_table_t@@A 1001802c     MSVCRT:utility.obj
 0003:00000038       ?module_local_at_quick_exit_table@@3U_onexit_table_t@@A 10018038     MSVCRT:utility.obj
 0003:00000044       ?is_initialized_as_dll@@3_NA 10018044     MSVCRT:utility.obj
 0003:00000070       _GS_ExceptionRecord        10018070     MSVCRT:gs_report.obj
 0003:000000c0       _GS_ContextRecord          100180c0     MSVCRT:gs_report.obj
 0003:0000038c       ?calls@?1??crypthead@@9@9  1001838c     zip.obj
 0004:00000000       __guard_fids_?dllmain_crt_process_attach@@YAHQAUHINSTANCE__@@QAX@Z 10019000     MSVCRT:dll_dllmain.obj
 0004:00000008       __guard_fids_?dllmain_dispatch@@YAHQAUHINSTANCE__@@KQAX@Z 10019008     MSVCRT:dll_dllmain.obj
 0004:0000000c       __guard_fids____scrt_set_unhandled_exception_filter 1001900c     MSVCRT:utility_desktop.obj
 0004:00000010       __guard_fids___except_handler4 10019010     MSVCRT:_chandler4gs_.obj
 0004:00000014       __guard_fids__             10019014     MSVCRT:guard_support.obj
 0004:00000018       __guard_fids___guard_icall_checks_enforced 10019018     MSVCRT:guard_support.obj
 0005:00000060       $R000000                   1001a060     zlib.res
